// Jest Snapshot v1, https://goo.gl/fbAQLP

exports[`snapshot 1`] = `
.emotion-0 {
  height: 100%;
  display: -webkit-box;
  display: -webkit-flex;
  display: -ms-flexbox;
  display: flex;
  -webkit-flex-direction: column;
  -ms-flex-direction: column;
  flex-direction: column;
}

.emotion-0>.ant-card-body {
  -webkit-flex: 1;
  -ms-flex: 1;
  flex: 1;
}

<div>
  <div
    style="height: 400px; width: 500px;"
  >
    <div
      class="ant-card ant-card-bordered emotion-0 emotion-1"
    >
      <div
        class="ant-card-head"
      >
        <div
          class="ant-card-head-wrapper"
        >
          <div
            class="ant-card-head-title"
          >
            Default size card
          </div>
          <div
            class="ant-card-extra"
          >
            <a
              href="#"
            >
              More
            </a>
          </div>
        </div>
      </div>
      <div
        class="ant-card-body"
      >
        <p>
          Card content
        </p>
        <p>
          Card content
        </p>
        <p>
          Card content
        </p>
      </div>
    </div>
  </div>
</div>
`;
